// Jest Snapshot v1, https://goo.gl/fbAQLP

exports[`Pruebas en <FirstApp /> Debe de mostrar <PrimeraApp /> correctamente 1`] = `
<Fragment>
  <h1>
     
    Hola, Soy Goku
     
  </h1>
  <p>
     
    Default Subtitle
  </p>
</Fragment>
`;
